2026/09/23 00:02:55 Database connected successfully
2026/09/23 00:02:56 Server starting on port 8080...
2026/09/23 00:12:33 [Repo] GetByUserID returned 2 businesses for 5
2026/09/23 00:13:14 [Repo] GetByUserID returned 2 businesses for 5
2026/09/23 00:14:08 [Repo] GetByUserID returned 2 businesses for 5
2026/09/23 00:14:34 [Repo] GetByUserID returned 2 businesses for 5
2026/09/23 00:14:43 [Repo] GetByUserID returned 2 businesses for 5
2026/09/23 00:14:47 [Repo] GetByUserID returned 2 businesses for 5
2026/09/23 00:15:43 [Repo] GetByUserID returned 2 businesses for 5
2026/09/23 00:15:45 [Repo] GetByUserID returned 2 businesses for 5
2026/09/23 00:19:00 [Repo] GetByUserID returned 2 businesses for 5
2026/09/23 00:19:24 [Repo] GetByUserID returned 2 businesses for 5
2026/09/23 00:21:08 [Repo] GetByUserID returned 2 businesses for 5
2026/09/23 00:23:53 [Repo] GetByUserName error for rty: sql: no rows in result set
2026/09/23 00:55:47 [Repo] GetByUserID returned 2 businesses for 5
2026/09/23 00:55:54 [Repo] GetByUserID returned 2 businesses for 5
2026/09/23 03:00:45 [Repo] GetByUserID returned 2 businesses for 5
2026/09/23 03:57:24 [Repo] GetByUserID returned 1 businesses for 18
2026/09/23 03:57:38 [Repo] GetByUserID returned 1 businesses for 18
2026/09/23 04:17:16 [Repo] GetByUserID returned 1 businesses for 18
2026/09/23 04:29:39 [Repo] GetByUserID returned 2 businesses for 5
2026/09/23 04:30:45 [Repo] GetByUserID returned 2 businesses for 5
2026/09/23 04:45:12 [Repo] GetByUserID returned 2 businesses for 5
2026/09/23 04:45:23 [Repo] GetByUserID returned 1 businesses for 18
2026/09/23 05:32:06 [Repo] GetByUserID returned 1 businesses for 18
2026/09/23 05:41:27 [Repo] GetByUserID returned 1 businesses for 18
2026/09/23 06:32:53 [Repo] GetByUserID returned 2 businesses for 5
2026/09/23 19:54:53 [Repo] GetByUserID returned 2 businesses for 5
2026/09/23 19:55:29 [Repo] GetByUserID returned 2 businesses for 5
2026/09/23 20:01:13 [Repo] GetByUserID returned 2 businesses for 5
2026/09/23 20:03:54 [Repo] GetByUserID returned 2 businesses for 5
2026/09/23 20:04:01 [Repo] GetByUserID returned 2 businesses for 5
2026/09/23 20:09:53 [Repo] GetByUserID returned 2 businesses for 5
2026/09/23 20:12:16 [Repo] GetByUserID returned 2 businesses for 5
2026/09/23 20:13:25 [Repo] GetByUserID returned 2 businesses for 5
2026/09/23 20:15:16 [Repo] GetByUserID returned 2 businesses for 5
2026/09/23 20:58:20 [Repo] GetByUserID returned 1 businesses for 18
2026/09/23 21:42:55 [Repo] GetByUserID returned 2 businesses for 5
2026/09/23 22:56:06 [Repo] GetByUserID returned 1 businesses for 18
2026/09/23 23:04:03 [Repo] GetByUserID returned 1 businesses for 18
2026/09/23 23:29:19 [Repo] GetByUserID returned 1 businesses for 18
2026/09/23 23:38:51 [Repo] GetByUserID returned 1 businesses for 18
2026/09/24 00:09:38 [Repo] GetByUserID returned 1 businesses for 18
2026/09/24 00:47:09 [Repo] GetByUserID returned 1 businesses for 18
2026/09/24 00:54:47 [Repo] GetByUserID returned 1 businesses for 18
2026/09/24 00:55:02 [Repo] GetByUserID returned 1 businesses for 18
2026/09/24 00:56:58 [Repo] GetByUserID returned 1 businesses for 18
2026/09/24 01:46:53 [Repo] GetByUserID returned 1 businesses for 18
2026/09/24 01:46:57 [Repo] GetByUserID returned 1 businesses for 18
2026/09/24 02:01:44 [Repo] GetByUserID returned 2 businesses for 5
2026/09/24 02:04:11 [Repo] GetByUserID returned 2 businesses for 5
2026/09/24 02:53:00 [Repo] GetByUserID returned 2 businesses for 5
2026/09/24 02:54:33 [Repo] GetByUserID returned 2 businesses for 5
2026/09/24 03:18:41 [Repo] GetByUserID returned 1 businesses for 18
2026/09/24 03:27:32 [Repo] GetByUserID returned 1 businesses for 18
2026/09/24 03:27:34 [Repo] GetByUserID returned 1 businesses for 18
2026/09/24 03:30:05 [Repo] GetByUserID returned 1 businesses for 18
2026/09/24 03:30:37 [Repo] GetByUserID returned 1 businesses for 18
2026/09/24 03:30:40 [Repo] GetByUserID returned 1 businesses for 18
2026/09/24 03:34:52 [Repo] GetByUserID returned 2 businesses for 5
2026/09/24 03:37:08 [Repo] GetByUserID returned 1 businesses for 18
2026/09/24 05:04:44 [Repo] GetByUserID returned 2 businesses for 5
2026/09/24 05:06:38 [Repo] GetByUserID returned 2 businesses for 5
2026/09/24 19:52:35 [Repo] GetByUserID returned 2 businesses for 5
2026/09/24 20:08:37 [Repo] GetByUserID returned 2 businesses for 5
2026/09/24 20:28:56 [Repo] GetByUserID returned 2 businesses for 5
2026/09/24 20:29:26 [Repo] GetByUserID returned 2 businesses for 5
2026/09/24 20:48:48 [Repo] GetByUserID returned 2 businesses for 5
2026/09/24 23:53:57 [Repo] GetByUserID returned 1 businesses for 18
2026/09/25 00:06:43 [Repo] GetByUserID returned 1 businesses for 18
2026/09/25 00:16:22 [Repo] GetByUserID returned 2 businesses for 5
2026/09/25 04:17:07 [Repo] GetByUserID returned 1 businesses for 18
2026/09/25 04:33:43 [Repo] GetByUserID returned 2 businesses for 5
2026/09/25 04:37:31 [Repo] GetByUserID returned 2 businesses for 5
2026/09/25 04:37:46 [Repo] GetByUserID returned 1 businesses for 18
2026/09/25 04:48:21 [Repo] GetByUserID returned 3 businesses for 1
2026/09/25 04:48:47 [Repo] GetByUserID returned 3 businesses for 1
2026/09/25 04:53:35 [Repo] GetByUserID returned 1 businesses for 18
2026/09/25 04:56:13 [Repo] GetByUserName error for najasuruz28@gmail.com: sql: no rows in result set
2026/09/25 04:56:27 [Repo] GetByUserName error for jasur: sql: no rows in result set
2026/09/25 04:56:35 [Repo] GetByUserName error for njasur: sql: no rows in result set
2026/09/25 04:56:54 [Repo] GetByUserID returned 0 businesses for 39
2026/09/25 04:56:54 [Repo] GetByUserID returned 0 businesses for 39
2026/09/25 04:56:54 [Repo] GetByUserID returned 0 businesses for 39
2026/09/25 04:56:57 [Repo] GetByUserID returned 0 businesses for 39
2026/09/25 04:57:02 [Repo] GetByUserID returned 0 businesses for 39
2026/09/25 04:57:03 [Repo] GetByUserID returned 0 businesses for 39
2026/09/25 04:57:15 Geography: Fetched 14 regions
2026/09/25 04:57:22 [Repo] GetByUserID returned 0 businesses for 39
2026/09/25 04:57:25 [Repo] GetByUserID returned 0 businesses for 39
2026/09/25 04:57:32 [Repo] GetByUserID returned 0 businesses for 39
2026/09/25 04:57:34 [Repo] GetByUserID returned 0 businesses for 39
2026/09/25 04:57:51 [Repo] GetByUserID returned 0 businesses for 39
2026/09/25 04:57:53 [Repo] GetByUserID returned 0 businesses for 39
2026/09/25 04:57:56 [Repo] GetByUserID returned 0 businesses for 39
2026/09/25 04:57:57 [Repo] GetByUserID returned 0 businesses for 39
2026/09/25 04:57:58 [Repo] GetByUserID returned 0 businesses for 39
2026/09/25 06:02:08 [Repo] GetByUserID returned 1 businesses for 18
2026/09/25 19:26:40 [Repo] GetByUserID returned 1 businesses for 18
2026/09/25 19:49:12 [Repo] GetByUserID returned 1 businesses for 18
2026/09/25 20:37:36 [Repo] GetByUserID returned 2 businesses for 5
2026/09/25 21:12:28 [Repo] GetByUserID returned 1 businesses for 18
2026/09/25 21:46:51 [Repo] GetByUserID returned 2 businesses for 5
2026/09/25 21:47:46 [Repo] GetByUserID returned 2 businesses for 5
2026/09/25 21:58:44 [Repo] GetByUserID returned 2 businesses for 5
2026/09/25 22:01:35 [Repo] GetByUserID returned 2 businesses for 5
2026/09/25 22:02:27 [Repo] GetByUserID returned 2 businesses for 5
2026/09/25 22:04:30 [Repo] GetByUserID returned 2 businesses for 5
2026/09/25 22:54:58 [Repo] GetByUserID returned 2 businesses for 5
2026/09/25 22:55:32 [Repo] GetByUserID returned 2 businesses for 5
2026/09/25 22:55:41 [Repo] GetByUserID returned 2 businesses for 5
2026/09/25 23:41:41 [Repo] GetByUserID returned 2 businesses for 5
2026/09/25 23:55:38 [Repo] GetByUserID returned 1 businesses for 18
2026/09/25 23:55:45 [Repo] GetByUserID returned 1 businesses for 18
2026/09/26 00:02:19 [Repo] GetByUserID returned 1 businesses for 18
2026/09/26 00:09:14 [Repo] GetByUserID returned 1 businesses for 18
2026/09/26 00:14:01 [Repo] GetByUserID returned 2 businesses for 5
2026/09/26 00:14:05 [Repo] GetByUserID returned 2 businesses for 5
2026/09/26 00:31:39 [Repo] GetByUserID returned 2 businesses for 5
2026/09/26 00:31:43 [Repo] GetByUserID returned 2 businesses for 5
2026/09/26 00:33:03 [Repo] GetByUserID returned 2 businesses for 5
2026/09/26 00:35:45 [Repo] GetByUserID returned 2 businesses for 5
2026/09/26 00:44:57 [Repo] GetByUserID returned 2 businesses for 5
2026/09/26 00:46:04 [Repo] GetByUserID returned 1 businesses for 18
2026/09/26 01:23:02 [Repo] GetByUserID returned 2 businesses for 5
2026/09/26 01:29:57 [Repo] GetByUserID returned 2 businesses for 5
2026/09/26 01:34:51 [Repo] GetByUserID returned 2 businesses for 5
2026/09/26 01:36:17 [Repo] GetByUserID returned 2 businesses for 5
2026/09/26 01:37:35 [Repo] GetByUserID returned 2 businesses for 5
2026/09/26 01:38:13 [Repo] GetByUserID returned 2 businesses for 5
2026/09/26 03:08:43 [Repo] GetByUserID returned 2 businesses for 5
2026/09/26 03:10:18 [Repo] GetByUserID returned 2 businesses for 5
2026/09/26 04:11:58 [Repo] GetByUserID returned 2 businesses for 5
2026/09/26 04:29:27 [Repo] GetByUserID returned 2 businesses for 5
2026/09/26 04:55:40 [Repo] GetByUserID returned 2 businesses for 5
2026/09/26 05:17:21 [Repo] GetByUserID returned 1 businesses for 18
2026/09/26 05:17:29 [Repo] GetByUserID returned 1 businesses for 18
2026/09/26 07:26:15 [Repo] GetByUserID returned 1 businesses for 18
2026/09/26 19:08:48 [Repo] GetByUserID returned 1 businesses for 18
2026/09/26 19:55:21 [Repo] GetByUserID returned 2 businesses for 5
2026/09/26 20:03:22 [Repo] GetByUserID returned 2 businesses for 5
2026/09/26 20:10:05 [Repo] GetByUserID returned 2 businesses for 5
2026/09/26 20:29:41 [Repo] GetByUserID returned 1 businesses for 18
2026/09/26 20:49:30 [Repo] GetByUserID returned 1 businesses for 18
2026/09/26 20:54:19 [Repo] GetByUserID returned 2 businesses for 5
2026/09/26 21:11:04 [Repo] GetByUserID returned 2 businesses for 5
2026/09/26 21:25:20 [Repo] GetByUserID returned 2 businesses for 5
2026/09/26 21:25:54 [Repo] GetByUserID returned 2 businesses for 5
2026/09/26 21:27:37 [Repo] GetByUserID returned 2 businesses for 5
2026/09/26 22:11:52 [Repo] GetByUserID returned 1 businesses for 18
2026/09/26 22:50:33 [Repo] GetByUserID returned 2 businesses for 5
2026/09/26 22:51:16 [Repo] GetByUserID returned 2 businesses for 5
2026/09/26 23:16:32 [Repo] GetByUserID returned 1 businesses for 18
2026/09/26 23:29:36 [Repo] GetByUserID returned 2 businesses for 5
2026/09/26 23:30:44 [Repo] GetByUserID returned 2 businesses for 5
2026/09/27 00:08:21 [Repo] GetByUserID returned 1 businesses for 18
2026/09/27 00:08:29 [Repo] GetByUserID returned 1 businesses for 18
2026/09/27 00:11:13 [Repo] GetByUserID returned 1 businesses for 18
2026/09/27 00:15:48 [Repo] GetByUserID returned 1 businesses for 18
2026/09/27 00:16:20 [Repo] GetByUserID returned 1 businesses for 18
2026/09/27 00:35:54 [Repo] GetByUserID returned 1 businesses for 18
2026/09/27 01:25:24 [Repo] GetByUserID returned 2 businesses for 5
2026/09/27 01:25:24 [Repo] GetByUserID returned 2 businesses for 5
2026/09/27 02:08:27 [Repo] GetByUserID returned 2 businesses for 5
2026/09/27 02:10:50 [Repo] GetByUserID returned 2 businesses for 5
2026/09/27 02:17:28 [Repo] GetByUserID returned 2 businesses for 5
2026/09/27 02:29:14 [Repo] GetByUserID returned 2 businesses for 5
2026/09/27 02:46:16 [Repo] GetByUserID returned 2 businesses for 5
2026/09/27 02:46:20 [Repo] GetByUserID returned 2 businesses for 5
2026/09/27 03:27:45 [Repo] GetByUserID returned 2 businesses for 5
2026/09/27 03:27:49 [Repo] GetByUserID returned 2 businesses for 5
2026/09/27 04:17:42 [Repo] GetByUserID returned 2 businesses for 5
2026/09/27 04:39:49 [Repo] GetByUserID returned 2 businesses for 5
2026/09/27 04:54:29 [Repo] GetByUserID returned 1 businesses for 18
2026/09/27 05:05:05 [Repo] GetByUserID returned 2 businesses for 5
2026/09/27 05:05:47 [Repo] GetByUserID returned 2 businesses for 5
2026/09/27 05:57:10 [Repo] GetByUserID returned 1 businesses for 18
2026/09/27 20:37:40 [Repo] GetByUserID returned 1 businesses for 18
2026/09/27 20:40:10 [Repo] GetByUserID returned 2 businesses for 5
2026/09/27 20:40:41 [Repo] GetByUserID returned 2 businesses for 5
2026/09/27 20:54:48 [Repo] GetByUserID returned 1 businesses for 18
2026/09/27 21:30:19 [Repo] GetByUserID returned 2 businesses for 5
2026/09/27 22:24:59 [Repo] GetByUserID returned 2 businesses for 5
2026/09/28 00:17:34 [Repo] GetByUserID returned 2 businesses for 5
2026/09/28 00:22:33 [Repo] GetByUserID returned 2 businesses for 5
2026/09/28 00:25:31 [Repo] GetByUserID returned 1 businesses for 18
2026/09/28 00:25:36 [Repo] GetByUserID returned 1 businesses for 18
2026/09/28 00:36:37 [Repo] GetByUserID returned 2 businesses for 5
2026/09/28 00:37:09 [Repo] GetByUserID returned 2 businesses for 5
2026/09/28 00:39:50 [Repo] GetByUserID returned 2 businesses for 5
2026/09/28 00:40:00 [Repo] GetByUserID returned 1 businesses for 18
2026/09/28 00:40:19 [Repo] GetByUserID returned 2 businesses for 5
2026/09/28 00:44:39 [Repo] GetByUserID returned 2 businesses for 5
2026/09/28 01:08:24 [Repo] GetByUserID returned 1 businesses for 18
2026/09/28 03:02:20 [Repo] GetByUserID returned 1 businesses for 18
2026/09/28 03:31:24 [Repo] GetByUserID returned 1 businesses for 18
2026/09/28 03:35:15 [Repo] GetByUserID returned 2 businesses for 5
2026/09/28 03:36:20 [Repo] GetByUserID returned 2 businesses for 5
2026/09/28 03:50:30 [Repo] GetByUserID returned 2 businesses for 5
2026/09/28 03:55:09 [Repo] GetByUserID returned 2 businesses for 5
2026/09/28 04:11:25 [Repo] GetByUserID returned 3 businesses for 1
2026/09/28 05:36:32 [Repo] GetByUserID returned 2 businesses for 5
2026/09/28 05:36:36 [Repo] GetByUserID returned 2 businesses for 5
2026/09/28 06:51:53 [Repo] GetByUserID returned 1 businesses for 18
2026/09/28 06:52:46 [Repo] GetByUserID returned 2 businesses for 5
2026/09/28 20:43:59 [Repo] GetByUserID returned 1 businesses for 18
2026/09/28 21:59:28 [Repo] GetByUserID returned 2 businesses for 5
2026/09/28 21:59:31 [Repo] GetByUserID returned 2 businesses for 5
2026/09/29 00:26:32 [Repo] GetByUserID returned 1 businesses for 18
2026/09/29 00:26:47 [Repo] GetByUserID returned 1 businesses for 18
2026/09/29 02:54:07 [Repo] GetByUserID returned 1 businesses for 18
2026/09/29 02:54:39 [Repo] GetByUserID returned 1 businesses for 18
2026/09/29 03:00:00 [Repo] GetByUserID returned 2 businesses for 5
2026/09/29 03:00:57 [Repo] GetByUserID returned 2 businesses for 5
2026/09/29 03:01:01 [Repo] GetByUserID returned 2 businesses for 5
2026/09/29 03:13:01 [Repo] GetByUserID returned 2 businesses for 5
2026/09/29 03:30:44 [Repo] GetByUserID returned 1 businesses for 18
2026/09/29 03:33:40 [Repo] GetByUserID returned 1 businesses for 18
2026/09/29 04:13:20 [Repo] GetByUserID returned 1 businesses for 18
2026/09/29 04:29:14 [Repo] GetByUserID returned 2 businesses for 5
2026/09/29 04:56:40 [Repo] GetByUserID returned 2 businesses for 5
2026/09/29 04:58:41 [Repo] GetByUserID returned 2 businesses for 5
2026/09/29 05:10:46 [Repo] GetByUserID returned 2 businesses for 5
2026/09/29 05:11:12 [Repo] GetByUserID returned 2 businesses for 5
2026/09/29 05:15:46 [Repo] GetByUserID returned 2 businesses for 5
2026/09/29 08:41:59 [Repo] GetByUserID returned 2 businesses for 5
2026/09/29 08:43:07 [Repo] GetByUserID returned 2 businesses for 5
2026/09/29 20:17:29 [Repo] GetByUserID returned 2 businesses for 5
2026/09/29 20:17:39 [Repo] GetByUserID returned 2 businesses for 5
2026/09/29 20:20:00 [Repo] GetByUserID returned 2 businesses for 5
2026/09/29 20:23:59 [Repo] GetByUserID returned 1 businesses for 18
2026/09/29 21:03:10 [Repo] GetByUserID returned 2 businesses for 5
2026/09/29 21:51:31 [Repo] GetByUserID returned 1 businesses for 18
2026/09/29 22:32:29 [Repo] GetByUserID returned 2 businesses for 5
2026/09/29 22:48:15 [Repo] GetByUserID returned 1 businesses for 18
2026/09/30 00:29:13 [Repo] GetByUserID returned 2 businesses for 5
2026/09/30 00:43:54 [Repo] GetByUserID returned 2 businesses for 5
2026/09/30 00:45:35 [Repo] GetByUserID returned 2 businesses for 5
2026/09/30 01:16:36 [Repo] GetByUserID returned 2 businesses for 5
2026/09/30 01:30:34 [Repo] GetByUserID returned 1 businesses for 18
2026/09/30 01:30:39 [Repo] GetByUserID returned 1 businesses for 18
2026/09/30 02:15:39 [Repo] GetByUserID returned 2 businesses for 5
2026/09/30 03:18:00 [Repo] GetByUserID returned 1 businesses for 18
2026/09/30 04:56:43 [Repo] GetByUserID returned 2 businesses for 5
2026/09/30 04:57:17 [Repo] GetByUserID returned 2 businesses for 5
2026/09/30 05:40:27 [Repo] GetByUserID returned 2 businesses for 5
2026/09/30 14:03:11 [Repo] GetByUserID returned 2 businesses for 5
2026/09/30 14:03:33 [Repo] GetByUserID returned 2 businesses for 5
2026/09/30 19:33:42 [Repo] GetByUserID returned 1 businesses for 18
2026/09/30 20:55:50 [Repo] GetByUserID returned 2 businesses for 5
2026/09/30 20:55:53 [Repo] GetByUserID returned 2 businesses for 5
2026/09/30 20:56:51 [Repo] GetByUserID returned 2 businesses for 5
2026/09/30 21:27:41 [Repo] GetByUserID returned 1 businesses for 18
2026/09/30 22:30:05 [Repo] GetByUserID returned 1 businesses for 18
2026/10/01 00:01:59 [Repo] GetByUserID returned 1 businesses for 18
2026/10/01 01:42:41 [Repo] GetByUserID returned 1 businesses for 18
2026/10/01 01:42:47 [Repo] GetByUserID returned 1 businesses for 18
2026/10/01 01:57:25 [Repo] GetByUserID returned 1 businesses for 18
2026/10/01 02:30:11 [Repo] GetByUserID returned 2 businesses for 5
2026/10/01 03:13:18 [Repo] GetByUserID returned 1 businesses for 18
2026/10/01 05:15:34 [Repo] GetByUserID returned 2 businesses for 5
2026/10/01 05:41:15 [Repo] GetByUserID returned 2 businesses for 5
2026/10/01 05:42:18 [Repo] GetByUserID returned 2 businesses for 5
2026/10/01 05:44:13 [Repo] GetByUserID returned 2 businesses for 5
2026/10/01 05:47:49 [Repo] GetByUserID returned 2 businesses for 5
2026/10/01 05:48:36 [Repo] GetByUserID returned 1 businesses for 18
2026/10/01 05:48:53 [Repo] GetByUserID returned 1 businesses for 18
2026/10/01 05:49:00 [Repo] GetByUserID returned 2 businesses for 5
2026/10/01 05:53:41 [Repo] GetByUserID returned 2 businesses for 5
2026/10/01 06:59:01 [Repo] GetByUserID returned 1 businesses for 18
2026/10/01 21:11:02 [Repo] GetByUserID returned 1 businesses for 18
2026/10/01 21:35:11 [Repo] GetByUserID returned 2 businesses for 5
2026/10/01 22:37:34 [Repo] GetByUserID returned 2 businesses for 5
2026/10/01 22:37:38 [Repo] GetByUserID returned 2 businesses for 5
2026/10/01 23:07:58 [Repo] GetByUserID returned 1 businesses for 18
2026/10/01 23:08:02 [Repo] GetByUserID returned 1 businesses for 18
2026/10/02 03:21:21 [Repo] GetByUserID returned 2 businesses for 5
2026/10/02 03:40:35 [Repo] GetByUserID returned 1 businesses for 18
2026/10/02 03:40:42 [Repo] GetByUserID returned 1 businesses for 18
2026/10/02 03:52:23 [Repo] GetByUserID returned 1 businesses for 18
2026/10/02 04:28:49 [Repo] GetByUserID returned 1 businesses for 18
2026/10/02 04:53:32 [Repo] GetByUserID returned 2 businesses for 5
2026/10/02 05:40:51 [Repo] GetByUserID returned 2 businesses for 5
2026/10/02 06:10:35 [Repo] GetByUserID returned 1 businesses for 18
2026/10/02 06:14:24 [Repo] GetByUserID returned 1 businesses for 18
2026/10/02 06:58:01 [Repo] GetByUserID returned 2 businesses for 5
2026/10/02 19:30:40 [Repo] GetByUserID returned 1 businesses for 18
2026/10/02 19:36:40 [Repo] GetByUserID returned 1 businesses for 18
2026/10/02 23:11:55 [Repo] GetByUserID returned 1 businesses for 18
2026/10/02 23:14:26 [Repo] GetByUserID returned 2 businesses for 5
2026/10/02 23:55:49 [Repo] GetByUserID returned 1 businesses for 18
2026/10/03 00:06:19 [Repo] GetByUserID returned 2 businesses for 5
2026/10/03 00:11:59 [Repo] GetByUserID returned 2 businesses for 5
2026/10/03 03:16:22 [Repo] GetByUserID returned 1 businesses for 18
2026/10/03 03:20:02 [Repo] GetByUserID returned 2 businesses for 5
2026/10/03 03:25:07 [Repo] GetByUserID returned 1 businesses for 18
2026/10/03 03:25:47 [Repo] GetByUserID returned 1 businesses for 18
2026/10/03 03:28:36 [Repo] GetByUserID returned 1 businesses for 18
2026/10/03 03:37:30 [Repo] GetByUserID returned 2 businesses for 5
2026/10/03 03:39:41 [Repo] GetByUserID returned 2 businesses for 5
2026/10/03 04:03:26 [Repo] GetByUserID returned 2 businesses for 5
2026/10/03 04:09:48 [Repo] GetByUserID returned 1 businesses for 18
2026/10/03 04:10:17 [Repo] GetByUserID returned 1 businesses for 18
2026/10/03 04:10:30 [Repo] GetByUserID returned 2 businesses for 5
2026/10/03 04:13:43 [Repo] GetByUserID returned 2 businesses for 5
2026/10/03 04:27:10 [Repo] GetByUserID returned 2 businesses for 5
2026/10/03 04:27:21 [Repo] GetByUserID returned 2 businesses for 5
2026/10/03 04:29:52 [Repo] GetByUserID returned 2 businesses for 5
2026/10/03 06:41:31 [Repo] GetByUserID returned 1 businesses for 18
2026/10/03 06:41:38 [Repo] GetByUserID returned 2 businesses for 5
2026/10/03 20:08:34 [Repo] GetByUserID returned 2 businesses for 5
2026/10/03 21:02:41 [Repo] GetByUserID returned 1 businesses for 18
2026/10/03 21:27:03 [Repo] GetByUserID returned 2 businesses for 5
2026/10/03 21:28:08 [Repo] GetByUserID returned 2 businesses for 5
2026/10/03 21:35:01 [Repo] GetByUserID returned 2 businesses for 5
2026/10/03 21:57:05 [Repo] GetByUserID returned 2 businesses for 5
2026/10/03 22:55:22 [Repo] GetByUserID returned 1 businesses for 18
2026/10/03 23:31:08 [Repo] GetByUserID returned 1 businesses for 18
2026/10/04 02:16:54 [Repo] GetByUserID returned 1 businesses for 18
2026/10/04 02:16:59 [Repo] GetByUserID returned 1 businesses for 18
2026/10/04 03:15:15 [Repo] GetByUserID returned 2 businesses for 5
2026/10/04 03:15:22 [Repo] GetByUserID returned 2 businesses for 5
2026/10/04 03:16:58 [Repo] GetByUserID returned 2 businesses for 5
2026/10/04 04:15:22 [Repo] GetByUserID returned 2 businesses for 5
2026/10/04 04:28:14 [Repo] GetByUserID returned 1 businesses for 18
2026/10/04 04:28:18 [Repo] GetByUserID returned 1 businesses for 18
2026/10/04 05:26:09 [Repo] GetByUserID returned 2 businesses for 5
2026/10/04 20:31:44 [Repo] GetByUserID returned 1 businesses for 18
2026/10/04 22:05:36 [Repo] GetByUserID returned 2 businesses for 5
2026/10/04 22:05:40 [Repo] GetByUserID returned 2 businesses for 5
2026/10/04 22:10:16 [Repo] GetByUserID returned 1 businesses for 18
2026/10/04 23:11:18 [Repo] GetByUserID returned 2 businesses for 5
2026/10/04 23:16:07 [Repo] GetByUserID returned 2 businesses for 5
2026/10/04 23:19:37 [Repo] GetByUserID returned 2 businesses for 5
2026/10/04 23:23:10 [Repo] GetByUserID returned 2 businesses for 5
2026/10/04 23:59:44 [Repo] GetByUserID returned 2 businesses for 5
2026/10/05 00:07:35 [Repo] GetByUserID returned 1 businesses for 18
2026/10/05 01:29:24 [Repo] GetByUserID returned 2 businesses for 5
2026/10/05 02:55:31 [Repo] GetByUserID returned 2 businesses for 5
2026/10/05 02:57:54 [Repo] GetByUserID returned 2 businesses for 5
2026/10/05 02:58:12 [Repo] GetByUserID returned 2 businesses for 5
2026/10/05 03:12:19 [Repo] GetByUserID returned 1 businesses for 18
2026/10/05 03:45:46 [Repo] GetByUserID returned 2 businesses for 5
2026/10/05 03:58:35 [Repo] GetByUserID returned 2 businesses for 5
